[2026-08-28 18:45:50 +07] Starting sanitized GitHub backup
[2026-08-28 18:45:56 +07] Source and systemd snapshots prepared
[2026-08-28 18:45:56 +07] Created backup commit: 4ee2e2f
[2026-08-28 18:46:00 +07] Pushed sanitized snapshot to GitHub main
[2026-08-28 18:46:00 +07] SUCCESS: website backup completed
[2026-08-28 18:46:53 +07] Starting sanitized GitHub backup
[2026-08-28 18:46:58 +07] Source and systemd snapshots prepared
[2026-08-28 18:46:58 +07] Created backup commit: e908fa4
[2026-08-28 18:47:01 +07] Pushed sanitized snapshot to GitHub main
[2026-08-28 18:47:01 +07] SUCCESS: website backup completed
[2026-08-28 23:36:52 +07] Starting sanitized GitHub backup
[2026-08-28 23:36:58 +07] Source and systemd snapshots prepared
[2026-08-28 23:36:58 +07] Created backup commit: 979aba0
[2026-08-28 23:37:01 +07] Pushed sanitized snapshot to GitHub main
[2026-08-28 23:37:01 +07] SUCCESS: website backup completed
[2026-08-29 00:03:21 +07] Starting sanitized GitHub backup
[2026-08-29 00:03:27 +07] Source and systemd snapshots prepared
[2026-08-29 00:03:27 +07] Created backup commit: 9c2806f
[2026-08-29 00:03:30 +07] Pushed sanitized snapshot to GitHub main
[2026-08-29 00:03:30 +07] SUCCESS: website backup completed
[2026-08-29 05:00:01 +07] Starting sanitized GitHub backup
[2026-08-29 05:00:07 +07] Source and systemd snapshots prepared
[2026-08-29 05:00:07 +07] Created backup commit: c9b283d
[2026-08-29 05:00:11 +07] Pushed sanitized snapshot to GitHub main
[2026-08-29 05:00:11 +07] SUCCESS: website backup completed
[2026-08-29 08:11:41 +07] Starting sanitized GitHub backup
[2026-08-29 08:11:47 +07] Source and systemd snapshots prepared
[2026-08-29 08:11:47 +07] Created backup commit: f3ac550
[2026-08-29 08:11:50 +07] Pushed sanitized snapshot to GitHub main
[2026-08-29 08:11:50 +07] SUCCESS: website backup completed
[2026-08-29 08:24:20 +07] Starting sanitized GitHub backup
[2026-08-29 08:24:25 +07] Source and systemd snapshots prepared
[2026-08-29 08:24:25 +07] Created backup commit: 6b1f4f6
[2026-08-29 08:24:29 +07] Pushed sanitized snapshot to GitHub main
[2026-08-29 08:24:29 +07] SUCCESS: website backup completed
[2026-08-29 08:52:26 +07] Starting sanitized GitHub backup
[2026-08-29 08:52:33 +07] Source and systemd snapshots prepared
[2026-08-29 08:52:33 +07] Created backup commit: 574879d
[2026-08-29 08:52:36 +07] Pushed sanitized snapshot to GitHub main
[2026-08-29 08:52:36 +07] SUCCESS: website backup completed
[2026-08-29 13:49:18 +07] Starting sanitized GitHub backup
[2026-08-29 13:49:24 +07] Source and systemd snapshots prepared
[2026-08-29 13:49:24 +07] Created backup commit: 70fb548
[2026-08-29 13:49:27 +07] Pushed sanitized snapshot to GitHub main
[2026-08-29 13:49:27 +07] SUCCESS: website backup completed
[2026-08-29 13:58:22 +07] Starting sanitized GitHub backup
[2026-08-29 13:58:28 +07] Source and systemd snapshots prepared
[2026-08-29 13:58:28 +07] Created backup commit: c854e00
[2026-08-29 13:58:31 +07] Pushed sanitized snapshot to GitHub main
[2026-08-29 13:58:31 +07] SUCCESS: website backup completed
[2026-08-30 05:00:01 +07] Starting sanitized GitHub backup
[2026-08-30 05:00:07 +07] Source and systemd snapshots prepared
[2026-08-30 05:00:07 +07] Created backup commit: f819193
[2026-08-30 05:00:10 +07] Pushed sanitized snapshot to GitHub main
[2026-08-30 05:00:10 +07] SUCCESS: website backup completed
[2026-08-30 14:43:02 +07] Starting sanitized GitHub backup
[2026-08-30 14:43:08 +07] Source and systemd snapshots prepared
[2026-08-30 14:43:08 +07] Created backup commit: f39ba00
[2026-08-30 14:43:11 +07] Pushed sanitized snapshot to GitHub main
[2026-08-30 14:43:11 +07] SUCCESS: website backup completed
[2026-08-30 15:02:50 +07] Starting sanitized GitHub backup
[2026-08-30 15:02:55 +07] Source and systemd snapshots prepared
[2026-08-30 15:02:55 +07] Created backup commit: c814332
[2026-08-30 15:02:59 +07] Pushed sanitized snapshot to GitHub main
[2026-08-30 15:02:59 +07] SUCCESS: website backup completed
[2026-08-30 15:07:27 +07] Starting sanitized GitHub backup
[2026-08-30 15:07:33 +07] Source and systemd snapshots prepared
[2026-08-30 15:07:33 +07] Created backup commit: 50fedf6
[2026-08-30 15:07:36 +07] Pushed sanitized snapshot to GitHub main
[2026-08-30 15:07:36 +07] SUCCESS: website backup completed
[2026-08-30 21:05:31 +07] Starting sanitized GitHub backup
[2026-08-30 21:05:37 +07] Source and systemd snapshots prepared
[2026-08-30 21:05:37 +07] Created backup commit: f0bbac3
[2026-08-30 21:05:40 +07] Pushed sanitized snapshot to GitHub main
[2026-08-30 21:05:40 +07] SUCCESS: website backup completed
[2026-08-31 05:00:01 +07] Starting sanitized GitHub backup
[2026-08-31 05:00:08 +07] Source and systemd snapshots prepared
[2026-08-31 05:00:08 +07] Created backup commit: 7a932a5
[2026-08-31 05:00:11 +07] Pushed sanitized snapshot to GitHub main
[2026-08-31 05:00:11 +07] SUCCESS: website backup completed
[2026-08-31 06:44:33 +07] Starting sanitized GitHub backup
[2026-08-31 06:44:40 +07] Source and systemd snapshots prepared
[2026-08-31 06:44:40 +07] Created backup commit: fbf3af1
[2026-08-31 06:44:44 +07] Pushed sanitized snapshot to GitHub main
[2026-08-31 06:44:44 +07] SUCCESS: website backup completed
[2026-08-31 06:49:31 +07] Starting sanitized GitHub backup
[2026-08-31 06:49:37 +07] Source and systemd snapshots prepared
[2026-08-31 06:49:37 +07] Created backup commit: 4cffd79
[2026-08-31 06:49:40 +07] Pushed sanitized snapshot to GitHub main
[2026-08-31 06:49:40 +07] SUCCESS: website backup completed
[2026-09-01 05:00:01 +07] Starting sanitized GitHub backup
[2026-09-01 05:00:08 +07] Source and systemd snapshots prepared
[2026-09-01 05:00:08 +07] Created backup commit: f1f06f1
[2026-09-01 05:00:11 +07] Pushed sanitized snapshot to GitHub main
[2026-09-01 05:00:11 +07] SUCCESS: website backup completed
[2026-09-02 05:00:01 +07] Starting sanitized GitHub backup
[2026-09-02 05:00:07 +07] Source and systemd snapshots prepared
[2026-09-02 05:00:07 +07] Created backup commit: b5999ff
[2026-09-02 05:00:10 +07] Pushed sanitized snapshot to GitHub main
[2026-09-02 05:00:10 +07] SUCCESS: website backup completed
[2026-09-03 05:00:01 +07] Starting sanitized GitHub backup
[2026-09-03 05:00:07 +07] Source and systemd snapshots prepared
[2026-09-03 05:00:07 +07] Created backup commit: 728639e
[2026-09-03 05:00:10 +07] Pushed sanitized snapshot to GitHub main
[2026-09-03 05:00:10 +07] SUCCESS: website backup completed
[2026-09-04 05:00:01 +07] Starting sanitized GitHub backup
[2026-09-04 05:00:07 +07] Source and systemd snapshots prepared
